Traceback (most recent call last):
  File "/storage/home/hcoda1/8/vsuarez6/r-jkretchmer3-0/MiniConda/envs/map-rpmd/lib/python3.9/runpy.py", line 197, in _run_module_as_main
    return _run_code(code, main_globals, None,
  File "/storage/home/hcoda1/8/vsuarez6/r-jkretchmer3-0/MiniConda/envs/map-rpmd/lib/python3.9/runpy.py", line 87, in _run_code
    exec(code, run_globals)
  File "/storage/home/hcoda1/8/vsuarez6/r-jkretchmer3-0/repos/RP_MASH/workflow/worker.py", line 107, in <module>
    _main()
  File "/storage/home/hcoda1/8/vsuarez6/r-jkretchmer3-0/repos/RP_MASH/workflow/worker.py", line 101, in _main
    run_chunk(a.config, a.task_id, a.chunk)
  File "/storage/home/hcoda1/8/vsuarez6/r-jkretchmer3-0/repos/RP_MASH/workflow/worker.py", line 68, in run_chunk
    cfg, system, run_dir, dirs = _load(config_path)
  File "/storage/home/hcoda1/8/vsuarez6/r-jkretchmer3-0/repos/RP_MASH/workflow/worker.py", line 38, in _load
    system = load_system(os.path.join(os.path.dirname(os.path.abspath(config_path)),
  File "/storage/home/hcoda1/8/vsuarez6/r-jkretchmer3-0/repos/RP_MASH/workflow/runner.py", line 38, in load_system
    return _load_module(path, 'rpmash_run_system')
  File "/storage/home/hcoda1/8/vsuarez6/r-jkretchmer3-0/repos/RP_MASH/workflow/runner.py", line 27, in _load_module
    spec.loader.exec_module(mod)
  File "<frozen importlib._bootstrap_external>", line 846, in exec_module
  File "<frozen importlib._bootstrap_external>", line 982, in get_code
  File "<frozen importlib._bootstrap_external>", line 1039, in get_data
FileNotFoundError: [Errno 2] No such file or directory: '/storage/project/r-jkretchmer3-0/vsuarez6/repos/MASH-RPMD_Calculations_2026/MASH-RPMD_System-Bath/therm.py'
