---------------------------------------
Begin Slurm Prolog: Sep-15-2026 10:12:49
Job ID:    13218417
User ID:   vsuarez6
Account:   gts-jkretchmer3-chemx
Job name:  rpmash_grid
Partition: cpu-small
QOS:       inferno
---------------------------------------
---------------------------------------
Begin Slurm Epilog: Sep-15-2026 10:12:54
Job ID:        13218417
Array Job ID:  13217939_477
User ID:       vsuarez6
Account:       gts-jkretchmer3-chemx
Job name:      rpmash_grid
Resources:     cpu=1,mem=8G,node=1
Rsrc Used:     cput=00:00:06,vmem=0,walltime=00:00:06,mem=50976K,energy_used=0
Partition:     cpu-small
QOS:           inferno
Nodes:         atl1-1-02-007-27-1
---------------------------------------
