---------------------------------------
Begin Slurm Prolog: Sep-15-2026 10:12:47
Job ID:    13218328
User ID:   vsuarez6
Account:   gts-jkretchmer3-chemx
Job name:  rpmash_grid
Partition: cpu-small
QOS:       inferno
---------------------------------------
---------------------------------------
Begin Slurm Epilog: Sep-15-2026 10:12:55
Job ID:        13218328
Array Job ID:  13217939_388
User ID:       vsuarez6
Account:       gts-jkretchmer3-chemx
Job name:      rpmash_grid
Resources:     cpu=1,mem=8G,node=1
Rsrc Used:     cput=00:00:09,vmem=0,walltime=00:00:09,mem=58252K,energy_used=0
Partition:     cpu-small
QOS:           inferno
Nodes:         atl1-1-02-007-13-2
---------------------------------------
