---------------------------------------
Begin Slurm Prolog: Sep-15-2026 10:12:49
Job ID:    13218397
User ID:   vsuarez6
Account:   gts-jkretchmer3-chemx
Job name:  rpmash_grid
Partition: cpu-small
QOS:       inferno
---------------------------------------
---------------------------------------
Begin Slurm Epilog: Sep-15-2026 10:12:59
Job ID:        13218397
Array Job ID:  13217939_457
User ID:       vsuarez6
Account:       gts-jkretchmer3-chemx
Job name:      rpmash_grid
Resources:     cpu=1,mem=8G,node=1
Rsrc Used:     cput=00:00:11,vmem=0,walltime=00:00:11,mem=85736K,energy_used=0
Partition:     cpu-small
QOS:           inferno
Nodes:         atl1-1-02-007-26-1
---------------------------------------
