---------------------------------------
Begin Slurm Prolog: Sep-15-2026 10:12:40
Job ID:    13217951
User ID:   vsuarez6
Account:   gts-jkretchmer3-chemx
Job name:  rpmash_grid
Partition: cpu-small
QOS:       inferno
---------------------------------------
---------------------------------------
Begin Slurm Epilog: Sep-15-2026 10:12:47
Job ID:        13217951
Array Job ID:  13217939_11
User ID:       vsuarez6
Account:       gts-jkretchmer3-chemx
Job name:      rpmash_grid
Resources:     cpu=1,mem=8G,node=1
Rsrc Used:     cput=00:00:06,vmem=0,walltime=00:00:06,mem=51196K,energy_used=0
Partition:     cpu-small
QOS:           inferno
Nodes:         atl1-1-02-002-25-1
---------------------------------------
